DIGEST d3041ba8397e121a462935eb3679f700
ApplicationRecordVersion: 2
Caption-Abstract: A witty caption
Writer-Editor: I wrote it
Headline: No headline
SpecialInstructions: What instructions
By-lineTitle: My Position
Credit: My Credit
ObjectName: Test IPTC picture
DateCreated: 2004:02:26
City: Kingston
Province-State: Ont
Country-PrimaryLocationName: Canada
OriginalTransmissionReference: What is a transmission reference
Category: 1
SupplementalCategories: amazing, image, utilities
Keywords: ExifTool, Test, IPTC
CopyrightNotice: Copyright 2004 Phil Harvey
Urgency: 8 (least urgent)
Source: I'm the source
