DIGEST 46e18ccde7ccfb7ea252037bd589bb51
ApplicationRecordVersion: 2
Caption-Abstract: A witty caption
Writer-Editor: I wrote it
SpecialInstructions: What instructions
By-line: Ada Lovelace
By-lineTitle: My Position
Credit: My Credit
ObjectName: Test IPTC picture
DateCreated: 2004:02:26
City: London
Province-State: Ont
Country-PrimaryLocationName: Canada
OriginalTransmissionReference: What is a transmission reference
Category: 1
SupplementalCategories: amazing, image, utilities
Keywords: ExifTool, Test, IPTC
CopyrightNotice: Copyright 2004 Phil Harvey
Urgency: 8 (least urgent)
Source: I'm the source
