DIGEST 5427c60d3052aef5d24db753fccd807a
ApplicationRecordVersion: 2
Caption-Abstract: A witty caption
Writer-Editor: I wrote it
Headline: New headline
SpecialInstructions: What instructions
By-line: Phil Harvey
By-lineTitle: My Position
Credit: My Credit
ObjectName: Test IPTC picture
DateCreated: 2004:02:26
City: Kingston
Province-State: Ont
Country-PrimaryLocationName: Canada
OriginalTransmissionReference: What is a transmission reference
Category: 1
SupplementalCategories: amazing, image, utilities
Keywords: ExifTool, Test, IPTC
CopyrightNotice: Copyright 2004 Phil Harvey
Urgency: 8 (least urgent)
Source: I'm the source
